didn't link contactus/careers
didn't work image as a link to home page